// Vitest Snapshot v1, https://vitest.dev/guide/snapshot.html

exports[`should generate default style 1`] = `
".container,
.container-fluid {
  width: 100%;
  margin-right: auto;
  margin-left: auto;
  padding-right: var(--bs-gutter-x, calc(1.5rem / 2));
  padding-left: var(--bs-gutter-x, calc(1.5rem / 2));
}
@media (min-width: 640px) {
  .container {
    max-width: 640px;
  }
}
@media (min-width: 768px) {
  .container {
    max-width: 768px;
  }
}
@media (min-width: 1024px) {
  .container {
    max-width: 1024px;
  }
}
@media (min-width: 1280px) {
  .container {
    max-width: 1280px;
  }
}
@media (min-width: 1536px) {
  .container {
    max-width: 1536px;
  }
}
.row {
  --bs-gutter-x: 1.5rem;
  --bs-gutter-y: 0;
  display: flex;
  flex-wrap: wrap;
  margin-top: calc(var(--bs-gutter-y) * -1);
  margin-right: calc(var(--bs-gutter-x) / -2);
  margin-left: calc(var(--bs-gutter-x) / -2);
}
.row > * {
  box-sizing: border-box;
  flex-shrink: 0;
  width: 100%;
  max-width: 100%;
  padding-right: calc(var(--bs-gutter-x) / 2);
  padding-left: calc(var(--bs-gutter-x) / 2);
  margin-top: var(--bs-gutter-y);
}
.col {
  flex: 1 0 0%;
}
.row-cols-auto > * {
  flex: 0 0 auto;
  width: auto;
}
.row-cols-1 > * {
  flex: 0 0 auto;
  width: 100%;
}
.row-cols-2 > * {
  flex: 0 0 auto;
  width: 50%;
}
.row-cols-3 > * {
  flex: 0 0 auto;
  width: 33.333333333333336%;
}
.row-cols-4 > * {
  flex: 0 0 auto;
  width: 25%;
}
.row-cols-5 > * {
  flex: 0 0 auto;
  width: 20%;
}
.row-cols-6 > * {
  flex: 0 0 auto;
  width: 16.666666666666668%;
}
.col-auto {
  flex: 0 0 auto;
  width: auto;
}
.col-1 {
  flex: 0 0 auto;
  width: 8.333333333333334%;
}
.col-2 {
  flex: 0 0 auto;
  width: 16.666666666666668%;
}
.col-3 {
  flex: 0 0 auto;
  width: 25%;
}
.col-4 {
  flex: 0 0 auto;
  width: 33.333333333333336%;
}
.col-5 {
  flex: 0 0 auto;
  width: 41.66666666666667%;
}
.col-6 {
  flex: 0 0 auto;
  width: 50%;
}
.col-7 {
  flex: 0 0 auto;
  width: 58.333333333333336%;
}
.col-8 {
  flex: 0 0 auto;
  width: 66.66666666666667%;
}
.col-9 {
  flex: 0 0 auto;
  width: 75%;
}
.col-10 {
  flex: 0 0 auto;
  width: 83.33333333333334%;
}
.col-11 {
  flex: 0 0 auto;
  width: 91.66666666666667%;
}
.col-12 {
  flex: 0 0 auto;
  width: 100%;
}
.offset-0 {
  margin-left: 0%;
}
.offset-1 {
  margin-left: 8.333333333333334%;
}
.offset-2 {
  margin-left: 16.666666666666668%;
}
.offset-3 {
  margin-left: 25%;
}
.offset-4 {
  margin-left: 33.333333333333336%;
}
.offset-5 {
  margin-left: 41.66666666666667%;
}
.offset-6 {
  margin-left: 50%;
}
.offset-7 {
  margin-left: 58.333333333333336%;
}
.offset-8 {
  margin-left: 66.66666666666667%;
}
.offset-9 {
  margin-left: 75%;
}
.offset-10 {
  margin-left: 83.33333333333334%;
}
.offset-11 {
  margin-left: 91.66666666666667%;
}
.g-0,
.gx-0 {
  --bs-gutter-x: 0;
}
.g-0,
.gy-0 {
  --bs-gutter-y: 0;
}
.order-first {
  order: -1;
}
.order-last {
  order: 13;
}
.order-0 {
  order: 0;
}
.order-1 {
  order: 1;
}
.order-2 {
  order: 2;
}
.order-3 {
  order: 3;
}
.order-4 {
  order: 4;
}
.order-5 {
  order: 5;
}
.order-6 {
  order: 6;
}
.order-7 {
  order: 7;
}
.order-8 {
  order: 8;
}
.order-9 {
  order: 9;
}
.order-10 {
  order: 10;
}
.order-11 {
  order: 11;
}
.order-12 {
  order: 12;
}
"
`;
